// Jest Snapshot v1, https://goo.gl/fbAQLP

exports[`wxml语法 wx:key="index"会转换成key="index" 1`] = `
data.map((item, index) => {
  return <View key={index}><Text>{item.name}</Text></View>;
})
`;

exports[`wxml语法 列表渲染 1`] = `
array.map((item, index) => {
  return <View>{index + ": " + item.message}</View>;
})
`;

exports[`wxs wxs 多行注释 1`] = `
module.exports = {
  foo: "'hello world' from tools.wxs"
  /*
    msg:'123',
    name:'xixi'
  */
};
`;

exports[`wxs wxs中 单行注释 1`] = `
module.exports = {
  foo: "'hello world' from tools.wxs"
  // msg:'123'
};
`;

exports[`wxs wxs标签中的getDate()转换为new Date() 1`] = `
Array [
  Object {
    module: wxs_getDate,
    src: ./wxs__wxs_getDate,
  },
]
`;

exports[`wxs wxs标签中的getDate()转换为new Date() 2`] = `
module.exports = {
  date1: new Date(),
  //参数为数字
  date2: new Date(1500000000000),
  //参数为字符串
  date3: new Date("2017-7-14")
};
`;

exports[`wxs wxs模块中的var regexp = getRegExp()转换为var regexp = new RegExp() 1`] = `
Array [
  Object {
    module: wxs_regexp,
    src: ./wxs__wxs_regexp,
  },
]
`;

exports[`wxs 页面中使用wxs 1`] = `
module.exports = {
  data: 'wxs demo'
};
`;

exports[`wx作用域属性解析 wx:for & wx:for-xxx 1`] = `
array.map((itemName, idx) => {
  return <View>{idx + ": " + itemName.message}</View>;
})
`;

exports[`wx作用域属性解析 wx:for & wx:if 1`] = `
modalKey.map((item, index) => {
  return <Block>{item.key && <View>{"the value is : " + item.value}</View>}</Block>;
})
`;

exports[`wx作用域属性解析 wx:if & wx:for 1`] = `
modalKey.map((item, index) => {
  return <Block>{item.key && <View>{"the value is : " + item.value}</View>}</Block>;
})
`;
