// Jest Snapshot v1, https://goo.gl/fbAQLP

exports[`wxs.ts测试 wxs标签中的getDate()转换为new Date() 1`] = `
module.exports = {
  date1: new Date(),
  //参数为数字
  date2: new Date(1500000000000),
  //参数为字符串
  date3: new Date("2017-7-14")
};
`;

exports[`wxs.ts测试 解析wxs文件中的?.操作符 1`] = `
var personal = {
  name: 'xz',
  info: {
    age: 18
  }
};
module.exports = {
  getInfo: function () {
    return personal.info?.age || '';
  }
};
`;
